itebank\user\controller\ExampleController.class
itebank\common\util\MessageUtil.class
itebank\common\entity\City.class
itebank\common\constant\Constant$UserDelteStatus.class
itebank\common\dao\NewPostDao.class
itebank\common\dao\AbstractDao.class
itebank\admin\entity\NewsPost.class
itebank\common\constant\Constant$UserSex.class
itebank\common\entity\Pagination.class
itebank\common\util\BaseController.class
itebank\common\entity\UserAdmin.class
itebank\common\entity\Country.class
itebank\common\util\RandomGeneratorUtil.class
itebank\common\entity\GroupRole.class
itebank\common\dao\CountryDAO.class
itebank\common\constant\Constant$UserStatus.class
itebank\user\controller\ActiveUserController.class
itebank\common\dao\UserDAO.class
itebank\common\util\RandomGeneratorUtil$Mode.class
itebank\admin\controller\ListNewsPostController$1.class
itebank\common\dao\AdminDAO.class
itebank\common\exception\DataAccessLayerException.class
itebank\common\util\HibernateFactory.class
itebank\common\dao\StateDAO.class
itebank\common\constant\Constant.class
itebank\common\entity\Admin.class
itebank\common\util\SendMailUtil.class
itebank\admin\controller\EditNewsPostController.class
itebank\admin\controller\ViewAdminController.class
itebank\common\entity\User.class
itebank\common\validation\EmailValidator.class
itebank\admin\controller\UserController.class
itebank\common\validation\MobileValidator.class
itebank\common\util\RandomGeneratorUtil$1.class
itebank\common\entity\CurriculumVitae.class
itebank\common\constant\Constant$Mode.class
itebank\common\exception\IteBankSystemException.class
itebank\admin\controller\ListNewsPostController.class
itebank\admin\dao\UserDAO.class
itebank\common\util\ConvertUtil.class
itebank\common\util\PasswordUtil.class
itebank\user\controller\LoginController.class
itebank\admin\controller\LoginAdminController.class
itebank\common\entity\ActionHistory.class
itebank\user\controller\RegisterController.class
itebank\common\util\HibernateUtil.class
itebank\admin\controller\PaginationHelper.class
itebank\common\entity\Role.class
itebank\common\entity\State.class
itebank\user\controller\ViewUserController.class
itebank\common\util\FileUtil.class
itebank\common\dao\CityDAO.class
